C51 COMPILER V9.51   UART_PS2_INT                                                          12/03/2015 21:05:12 PAGE 1   


C51 COMPILER V9.51, COMPILATION OF MODULE UART_PS2_INT
OBJECT MODULE PLACED IN .\DP8051\DP8051_Keil_951\Debug\UART_PS2_INT.obj
COMPILER INVOKED BY: C:\Program Files (x86)\Cypress\PSoC Creator\3.3\PSoC Creator\import\keil\pk51\9.51\C51\BIN\c51.exe 
                    -.\Generated_Source\PSoC3\UART_PS2_INT.c NOIV LARGE MODDP2 OMF2 VB(1) NOIP INCDIR(.,Generated_Source\PSoC3) FF(3) DB DF(D
                    -EBUG) WL(2) PR(.\DP8051\DP8051_Keil_951\Debug/UART_PS2_INT.lst) CD OT(2,SIZE) OJ(.\DP8051\DP8051_Keil_951\Debug\UART_PS2
                    -_INT.obj)

line level    source

   1          /*******************************************************************************
   2          * File Name: UART_PS2INT.c
   3          * Version 2.50
   4          *
   5          * Description:
   6          *  This file provides all Interrupt Service functionality of the UART component
   7          *
   8          ********************************************************************************
   9          * Copyright 2008-2015, Cypress Semiconductor Corporation.  All rights reserved.
  10          * You may use this file only in accordance with the license, terms, conditions,
  11          * disclaimers, and limitations in the end user license agreement accompanying
  12          * the software package with which this file was provided.
  13          *******************************************************************************/
  14          
  15          #include "UART_PS2.h"
  16          #include "cyapicallbacks.h"
  17          
  18          
  19          /***************************************
  20          * Custom Declarations
  21          ***************************************/
  22          /* `#START CUSTOM_DECLARATIONS` Place your declaration here */
  23          
  24          /* `#END` */
  25          
  26          #if (UART_PS2_RX_INTERRUPT_ENABLED && (UART_PS2_RX_ENABLED || UART_PS2_HD_ENABLED))
                  /*******************************************************************************
                  * Function Name: UART_PS2_RXISR
                  ********************************************************************************
                  *
                  * Summary:
                  *  Interrupt Service Routine for RX portion of the UART
                  *
                  * Parameters:
                  *  None.
                  *
                  * Return:
                  *  None.
                  *
                  * Global Variables:
                  *  UART_PS2_rxBuffer - RAM buffer pointer for save received data.
                  *  UART_PS2_rxBufferWrite - cyclic index for write to rxBuffer,
                  *     increments after each byte saved to buffer.
                  *  UART_PS2_rxBufferRead - cyclic index for read from rxBuffer,
                  *     checked to detect overflow condition.
                  *  UART_PS2_rxBufferOverflow - software overflow flag. Set to one
                  *     when UART_PS2_rxBufferWrite index overtakes
                  *     UART_PS2_rxBufferRead index.
                  *  UART_PS2_rxBufferLoopDetect - additional variable to detect overflow.
                  *     Set to one when UART_PS2_rxBufferWrite is equal to
                  *    UART_PS2_rxBufferRead
                  *  UART_PS2_rxAddressMode - this variable contains the Address mode,
C51 COMPILER V9.51   UART_PS2_INT                                                          12/03/2015 21:05:12 PAGE 2   

                  *     selected in customizer or set by UART_SetRxAddressMode() API.
                  *  UART_PS2_rxAddressDetected - set to 1 when correct address received,
                  *     and analysed to store following addressed data bytes to the buffer.
                  *     When not correct address received, set to 0 to skip following data bytes.
                  *
                  *******************************************************************************/
                  CY_ISR(UART_PS2_RXISR)
                  {
                      uint8 readData;
                      uint8 readStatus;
                      uint8 increment_pointer = 0u;
              
                  #if(CY_PSOC3)
                      uint8 int_en;
                  #endif /* (CY_PSOC3) */
              
                  #ifdef UART_PS2_RXISR_ENTRY_CALLBACK
                      UART_PS2_RXISR_EntryCallback();
                  #endif /* UART_PS2_RXISR_ENTRY_CALLBACK */
              
                      /* User code required at start of ISR */
                      /* `#START UART_PS2_RXISR_START` */
              
                      /* `#END` */
              
                  #if(CY_PSOC3)   /* Make sure nested interrupt is enabled */
                      int_en = EA;
                      CyGlobalIntEnable;
                  #endif /* (CY_PSOC3) */
              
                      do
                      {
                          /* Read receiver status register */
                          readStatus = UART_PS2_RXSTATUS_REG;
                          /* Copy the same status to readData variable for backward compatibility support 
                          *  of the user code in UART_PS2_RXISR_ERROR` section. 
                          */
                          readData = readStatus;
              
                          if((readStatus & (UART_PS2_RX_STS_BREAK | 
                                          UART_PS2_RX_STS_PAR_ERROR |
                                          UART_PS2_RX_STS_STOP_ERROR | 
                                          UART_PS2_RX_STS_OVERRUN)) != 0u)
                          {
                              /* ERROR handling. */
                              UART_PS2_errorStatus |= readStatus & ( UART_PS2_RX_STS_BREAK | 
                                                                          UART_PS2_RX_STS_PAR_ERROR | 
                                                                          UART_PS2_RX_STS_STOP_ERROR | 
                                                                          UART_PS2_RX_STS_OVERRUN);
                              /* `#START UART_PS2_RXISR_ERROR` */
              
                              /* `#END` */
                              
                          #ifdef UART_PS2_RXISR_ERROR_CALLBACK
                              UART_PS2_RXISR_ERROR_Callback();
                          #endif /* UART_PS2_RXISR_ERROR_CALLBACK */
                          }
                          
                          if((readStatus & UART_PS2_RX_STS_FIFO_NOTEMPTY) != 0u)
                          {
                              /* Read data from the RX data register */
                              readData = UART_PS2_RXDATA_REG;
C51 COMPILER V9.51   UART_PS2_INT                                                          12/03/2015 21:05:12 PAGE 3   

                          #if (UART_PS2_RXHW_ADDRESS_ENABLED)
                              if(UART_PS2_rxAddressMode == (uint8)UART_PS2__B_UART__AM_SW_DETECT_TO_BUFFER)
                              {
                                  if((readStatus & UART_PS2_RX_STS_MRKSPC) != 0u)
                                  {
                                      if ((readStatus & UART_PS2_RX_STS_ADDR_MATCH) != 0u)
                                      {
                                          UART_PS2_rxAddressDetected = 1u;
                                      }
                                      else
                                      {
                                          UART_PS2_rxAddressDetected = 0u;
                                      }
                                  }
                                  if(UART_PS2_rxAddressDetected != 0u)
                                  {   /* Store only addressed data */
                                      UART_PS2_rxBuffer[UART_PS2_rxBufferWrite] = readData;
                                      increment_pointer = 1u;
                                  }
                              }
                              else /* Without software addressing */
                              {
                                  UART_PS2_rxBuffer[UART_PS2_rxBufferWrite] = readData;
                                  increment_pointer = 1u;
                              }
                          #else  /* Without addressing */
                              UART_PS2_rxBuffer[UART_PS2_rxBufferWrite] = readData;
                              increment_pointer = 1u;
                          #endif /* (UART_PS2_RXHW_ADDRESS_ENABLED) */
              
                              /* Do not increment buffer pointer when skip not addressed data */
                              if(increment_pointer != 0u)
                              {
                                  if(UART_PS2_rxBufferLoopDetect != 0u)
                                  {   /* Set Software Buffer status Overflow */
                                      UART_PS2_rxBufferOverflow = 1u;
                                  }
                                  /* Set next pointer. */
                                  UART_PS2_rxBufferWrite++;
              
                                  /* Check pointer for a loop condition */
                                  if(UART_PS2_rxBufferWrite >= UART_PS2_RX_BUFFER_SIZE)
                                  {
                                      UART_PS2_rxBufferWrite = 0u;
                                  }
              
                                  /* Detect pre-overload condition and set flag */
                                  if(UART_PS2_rxBufferWrite == UART_PS2_rxBufferRead)
                                  {
                                      UART_PS2_rxBufferLoopDetect = 1u;
                                      /* When Hardware Flow Control selected */
                                      #if (UART_PS2_FLOW_CONTROL != 0u)
                                          /* Disable RX interrupt mask, it is enabled when user read data from the buffe
             -r using APIs */
                                          UART_PS2_RXSTATUS_MASK_REG  &= (uint8)~UART_PS2_RX_STS_FIFO_NOTEMPTY;
                                          CyIntClearPending(UART_PS2_RX_VECT_NUM);
                                          break; /* Break the reading of the FIFO loop, leave the data there for generat
             -ing RTS signal */
                                      #endif /* (UART_PS2_FLOW_CONTROL != 0u) */
                                  }
                              }
                          }
C51 COMPILER V9.51   UART_PS2_INT                                                          12/03/2015 21:05:12 PAGE 4   

                      }while((readStatus & UART_PS2_RX_STS_FIFO_NOTEMPTY) != 0u);
              
                      /* User code required at end of ISR (Optional) */
                      /* `#START UART_PS2_RXISR_END` */
              
                      /* `#END` */
              
                  #ifdef UART_PS2_RXISR_EXIT_CALLBACK
                      UART_PS2_RXISR_ExitCallback();
                  #endif /* UART_PS2_RXISR_EXIT_CALLBACK */
              
                  #if(CY_PSOC3)
                      EA = int_en;
                  #endif /* (CY_PSOC3) */
                  }
                  
              #endif /* (UART_PS2_RX_INTERRUPT_ENABLED && (UART_PS2_RX_ENABLED || UART_PS2_HD_ENABLED)) */
 192          
 193          
 194          #if (UART_PS2_TX_INTERRUPT_ENABLED && UART_PS2_TX_ENABLED)
                  /*******************************************************************************
                  * Function Name: UART_PS2_TXISR
                  ********************************************************************************
                  *
                  * Summary:
                  * Interrupt Service Routine for the TX portion of the UART
                  *
                  * Parameters:
                  *  None.
                  *
                  * Return:
                  *  None.
                  *
                  * Global Variables:
                  *  UART_PS2_txBuffer - RAM buffer pointer for transmit data from.
                  *  UART_PS2_txBufferRead - cyclic index for read and transmit data
                  *     from txBuffer, increments after each transmitted byte.
                  *  UART_PS2_rxBufferWrite - cyclic index for write to txBuffer,
                  *     checked to detect available for transmission bytes.
                  *
                  *******************************************************************************/
                  CY_ISR(UART_PS2_TXISR)
                  {
                  #if(CY_PSOC3)
                      uint8 int_en;
                  #endif /* (CY_PSOC3) */
              
                  #ifdef UART_PS2_TXISR_ENTRY_CALLBACK
                      UART_PS2_TXISR_EntryCallback();
                  #endif /* UART_PS2_TXISR_ENTRY_CALLBACK */
              
                      /* User code required at start of ISR */
                      /* `#START UART_PS2_TXISR_START` */
              
                      /* `#END` */
              
                  #if(CY_PSOC3)   /* Make sure nested interrupt is enabled */
                      int_en = EA;
                      CyGlobalIntEnable;
                  #endif /* (CY_PSOC3) */
              
                      while((UART_PS2_txBufferRead != UART_PS2_txBufferWrite) &&
C51 COMPILER V9.51   UART_PS2_INT                                                          12/03/2015 21:05:12 PAGE 5   

                           ((UART_PS2_TXSTATUS_REG & UART_PS2_TX_STS_FIFO_FULL) == 0u))
                      {
                          /* Check pointer wrap around */
                          if(UART_PS2_txBufferRead >= UART_PS2_TX_BUFFER_SIZE)
                          {
                              UART_PS2_txBufferRead = 0u;
                          }
              
                          UART_PS2_TXDATA_REG = UART_PS2_txBuffer[UART_PS2_txBufferRead];
              
                          /* Set next pointer */
                          UART_PS2_txBufferRead++;
                      }
              
                      /* User code required at end of ISR (Optional) */
                      /* `#START UART_PS2_TXISR_END` */
              
                      /* `#END` */
              
                  #ifdef UART_PS2_TXISR_EXIT_CALLBACK
                      UART_PS2_TXISR_ExitCallback();
                  #endif /* UART_PS2_TXISR_EXIT_CALLBACK */
              
                  #if(CY_PSOC3)
                      EA = int_en;
                  #endif /* (CY_PSOC3) */
                 }
              #endif /* (UART_PS2_TX_INTERRUPT_ENABLED && UART_PS2_TX_ENABLED) */
 265          
 266          
 267          /* [] END OF FILE */
C51 COMPILER V9.51   UART_PS2_INT                                                          12/03/2015 21:05:12 PAGE 6   

ASSEMBLY LISTING OF GENERATED OBJECT CODE




MODULE INFORMATION:   STATIC OVERLAYABLE
   CODE SIZE        =   ----    ----
   CONSTANT SIZE    =   ----    ----
   XDATA SIZE       =   ----    ----
   PDATA SIZE       =   ----    ----
   DATA SIZE        =   ----    ----
   IDATA SIZE       =   ----    ----
   BIT SIZE         =   ----    ----
   EDATA SIZE       =   ----    ----
   HDATA SIZE       =   ----    ----
   XDATA CONST SIZE =   ----    ----
   FAR CONST SIZE   =   ----    ----
END OF MODULE INFORMATION.


C51 COMPILATION COMPLETE.  0 WARNING(S),  0 ERROR(S)
